{"pipeline":{"":"#6B7280","applied":"#3E7BD6","phone_screen":"#6366F1","interview":"#0E9488","onsite":"#D08A2E","offer":"#2EA043","closed":"#8A8A8A","rejected":"#DC4B43","ghosted":"#6B7280"},"scores":{"good":"#9C9C9C","borderline":"#8A8A8A","weak":"#A8A8A8"},"primary":"#000000","accent":"#000000","success":"#2EA043","danger":"#DC4B43","warning":"#D08A2E","neutral":"#565656"}